Símbolo         Valor Decimal   Valor Hexadecimal
-------         -------------   -----------------
_KERNEL                     0                   0
_VETTAB                   256                 100
_APP                    32768                8000
_IOAREA16               65408                FF80
_IOAREA08               65472                FFC0
IVET                    65470                FFBE
TIMDT                   65495                FFD7
INTS                    65496                FFD8
INTE                    65497                FFD9
TECST                   65498                FFDA
TECDT                   65499                FFDB
VISOR                   65500                FFDC
_RESET                    512                 200
TECLA                     624                 270
CURSOR                    626                 272
CURSOR_TICK               628                 274
CARACTERE_CURS            630                 276
STATUS_REL0               632                 278
INV_REL0                  634                 27A
TICK_REL0                 636                 27C
SEG_UNI_REL0              638                 27E
MIN_UNI_REL0              640                 280
SEG_DEC_REL0              642                 282
MIN_DEC_REL0              644                 284
STATUS_REL1               646                 286
INV_REL1                  648                 288
TICK_REL1                 650                 28A
SEG_UNI_REL1              652                 28C
MIN_UNI_REL1              654                 28E
SEG_DEC_REL1              656                 290
MIN_DEC_REL1              658                 292
CLEARDISPLAY              660                 294
CD_LOOP                   664                 298
ISR                       673                 2A1
ISR2                      705                 2C1
ISR3                      725                 2D5
ISRTEC                    738                 2E2
FIM_TEC                   748                 2EC
TESTES_TECLAS_ESPECIAIS      759                 2F7
TRATAMENTO_REL0           791                 317
LOOP_ZERAR_REL0           813                 32D
FIM_TEC_1                 829                 33D
TRATAMENTO_REL1_PONTE      833                 341
ZERO_REL0                 837                 345
TRATAMENTO_REL1           913                 391
LOOP_ZERAR_REL1           935                 3A7
ZERO_REL1                 951                 3B7
CAPTURA_TECLA            1027                 403
ISRTIM                   1037                 40D
ISR_REL1                 1051                 41B
CURSOR_PISCANTE          1062                 426
CURSOR_PISCANTE_2        1078                 436
CURSOR_PISCANTE_3        1110                 456
INCTICK_REL0             1120                 460
INCSEG_UNI_REL0          1133                 46D
INCSEG_DEC_REL0          1153                 481
FIM_TIM_PONTE            1173                 495
INCMIN_UNI_REL0          1177                 499
INCMIN_DEC_REL0          1197                 4AD
REL0_VISOR_AT            1221                 4C5
FIM_TIM                  1297                 511
INCTICK_REL1             1298                 512
INCSEG_UNI_REL1          1311                 51F
INCSEG_DEC_REL1          1331                 533
INCMIN_UNI_REL1          1351                 547
INCMIN_DEC_REL1          1371                 55B
REL1_VISOR_AT            1395                 573
_KBHIT                   1471                 5BF
EXISTE_TECLA             1484                 5CC
_GETCHAR                 1489                 5D1
_PUTCHAR                 1516                 5EC
VAR_CONTROLE             1549                 60D
CARRIAGE_RETURN          1565                 61D
BACK_SPACE               1573                 625
FIM_PUTCHAR              1587                 633
ERRO_PUTCHAR             1590                 636
_GET_CLOCK_STATUS        1595                 63B
FIM_GET_CLOCK_STATUS     1613                 64D
S_RELOGIO0               1614                 64E
S_RELOGIO0_1             1628                 65C
AD_REL0_1                1638                 666
AD_REL0_2                1646                 66E
S_RELOGIO1               1654                 676
S_RELOGIO1_1             1668                 684
AD_REL1_1                1678                 68E
AD_REL1_2                1686                 696
_GET_CLOCK_TIME          1694                 69E
GET_REL0_SECONDS         1708                 6AC
LOOP_REL0                1720                 6B8
GET_REL0_SECONDS_2       1732                 6C4
LOOP_REL0_2              1744                 6D0
GET_REL0_SECONDS_3       1754                 6DA
LOOP_REL0_3              1766                 6E6
GET_REL0_SECONDS_4       1778                 6F2
GET_REL1_SECONDS         1794                 702
LOOP_REL1                1806                 70E
GET_REL1_SECONDS_2       1818                 71A
LOOP_REL1_2              1830                 726
GET_REL1_SECONDS_3       1840                 730
LOOP_REL1_3              1852                 73C
GET_REL1_SECONDS_4       1864                 748
FIM_GET_CLOCK_TIME       1876                 754
ERRO_GET_CLOCK_TIME      1877                 755
_TURNON_CLOCK            1882                 75A
FIM_TURNON_CLOCK         1902                 76E
LIGA_REL1                1903                 76F
DESLIGA_REL1             1917                 77D
LIGA_REL0                1927                 787
DESLIGA_REL0             1941                 795
_CLR_CLOCK               1951                 79F
FIM_CLR_CLOCK            1971                 7B3
LIMPAR_REL1              1972                 7B4
LIMPAR_REL0              1992                 7C8
